// Jest Snapshot v1, https://goo.gl/fbAQLP

exports[`AddField Component matches snapshot 1`] = `
<div
  className="min-h-screen bg-gray-100"
>
  <nav
    className="bg-white shadow"
  >
    <div
      className="px-4 mx-auto max-w-7xl sm:px-6 lg:px-8"
    >
      <div
        className="flex justify-between h-16"
      >
        <div
          className="flex"
        >
          <div
            className="flex items-center flex-shrink-0"
          >
            <a
              className="text-2xl font-bold text-indigo-600"
              href="/dashboard"
              onClick={[Function]}
            >
              Help Mock It 
            </a>
          </div>
          <div
            className="hidden sm:ml-6 sm:flex sm:space-x-8"
          >
            <a
              className="inline-flex items-center px-1 pt-1 text-sm font-medium border-b-2 border-transparent text-gray-500 hover:border-gray-300 hover:text-gray-700"
              href="/dashboard"
              onClick={[Function]}
            >
              Dashboard
            </a>
            <a
              className="inline-flex items-center px-1 pt-1 text-sm font-medium border-b-2 border-transparent text-gray-500 hover:border-gray-300 hover:text-gray-700"
              href="/endpoints"
              onClick={[Function]}
            >
              Endpoints
            </a>
            <a
              className="inline-flex items-center px-1 pt-1 text-sm font-medium border-b-2 border-transparent text-gray-500 hover:border-gray-300 hover:text-gray-700"
              href="/endpoints/create"
              onClick={[Function]}
            >
              Create Endpoint
            </a>
          </div>
        </div>
        <div
          className="flex items-center"
        >
          <button
            className="inline-flex items-center px-4 py-2 ml-3 text-sm font-medium text-white bg-indigo-600 border border-transparent rounded-md hover:bg-indigo-700 focus:outline-none focus:ring-2 focus:ring-offset-2 focus:ring-indigo-500"
            onClick={[Function]}
          >
            Logout
          </button>
        </div>
      </div>
    </div>
  </nav>
  <div
    className="py-6 mx-auto max-w-7xl sm:px-6 lg:px-8"
  >
    <div
      className="flex items-center mb-6"
    >
      <a
        className="mr-4 text-indigo-600 transition-colors duration-200 hover:text-indigo-800"
        href="/endpoints"
        onClick={[Function]}
      >
        <svg
          className="w-8 h-8"
          fill="currentColor"
          height="1em"
          stroke="currentColor"
          strokeWidth="0"
          style={
            {
              "color": undefined,
            }
          }
          viewBox="0 0 512 512"
          width="1em"
          xmlns="http://www.w3.org/2000/svg"
        >
          <path
            d="M244 400 100 256l144-144M120 256h292"
            fill="none"
            strokeLinecap="round"
            strokeLinejoin="round"
            strokeWidth="48"
          />
        </svg>
      </a>
      <h1
        className="text-3xl font-bold text-gray-900"
      >
        Add Field
      </h1>
    </div>
    <p
      className="mb-4 text-sm text-gray-600"
    >
      Note: You don't need to assign an ID - the API will automatically generate and assign an ID for each new field.
    </p>
    <div
      className="overflow-hidden bg-white shadow sm:rounded-lg"
    >
      <form
        className="p-6 space-y-6"
        onSubmit={[Function]}
      >
        <div>
          <label
            className="block text-sm font-medium text-gray-700"
            htmlFor="fieldName"
          >
            Field Name
          </label>
          <input
            className="block w-full px-3 py-2 mt-1 border border-gray-300 rounded-md shadow-sm focus:outline-none focus:ring-indigo-500 focus:border-indigo-500 sm:text-sm"
            id="fieldName"
            onChange={[Function]}
            required={true}
            type="text"
            value=""
          />
        </div>
        <div>
          <label
            className="block text-sm font-medium text-gray-700"
            htmlFor="dataType"
          >
            Data Type
          </label>
          <select
            className="block w-full py-2 pl-3 pr-10 mt-1 text-base border-gray-300 rounded-md focus:outline-none focus:ring-indigo-500 focus:border-indigo-500 sm:text-sm"
            id="dataType"
            onChange={[Function]}
            value="VARCHAR"
          >
            <option
              value="INT"
            >
              INT
            </option>
            <option
              value="VARCHAR"
            >
              VARCHAR
            </option>
            <option
              value="TEXT"
            >
              TEXT
            </option>
            <option
              value="DATE"
            >
              DATE
            </option>
            <option
              value="DATETIME"
            >
              DATETIME
            </option>
            <option
              value="BOOLEAN"
            >
              BOOLEAN
            </option>
            <option
              value="FLOAT"
            >
              FLOAT
            </option>
          </select>
        </div>
        <div
          className="flex items-start"
        >
          <div
            className="flex items-center h-5"
          >
            <input
              checked={false}
              className="w-4 h-4 text-indigo-600 border-gray-300 rounded focus:ring-indigo-500"
              id="isRequired"
              onChange={[Function]}
              type="checkbox"
            />
          </div>
          <div
            className="ml-3 text-sm"
          >
            <label
              className="font-medium text-gray-700"
              htmlFor="isRequired"
            >
              Is Required
            </label>
          </div>
        </div>
        <button
          className="flex justify-center w-full px-4 py-2 text-sm font-medium text-white bg-indigo-600 border border-transparent rounded-md shadow-sm hover:bg-indigo-700 focus:outline-none focus:ring-2 focus:ring-offset-2 focus:ring-indigo-500"
          type="submit"
        >
          Add Field
        </button>
      </form>
    </div>
    <div
      className="mt-8 space-x-4"
    >
      <button
        className="inline-flex items-center px-4 py-2 text-sm font-medium text-white bg-green-600 border border-transparent rounded-md hover:bg-green-700 focus:outline-none focus:ring-2 focus:ring-offset-2 focus:ring-green-500"
        onClick={[Function]}
      >
        Add Data
      </button>
      <a
        className="inline-flex items-center px-4 py-2 text-sm font-medium text-white bg-blue-600 border border-transparent rounded-md hover:bg-blue-700 focus:outline-none focus:ring-2 focus:ring-offset-2 focus:ring-blue-500"
        href="/endpoints"
        onClick={[Function]}
      >
        Back to Endpoints
      </a>
      <a
        className="inline-flex items-center px-4 py-2 text-sm font-medium text-white bg-blue-600 border border-transparent rounded-md hover:bg-blue-700 focus:outline-none focus:ring-2 focus:ring-offset-2 focus:ring-blue-500"
        href="/dashboard"
        onClick={[Function]}
      >
        Back to Dashboard
      </a>
    </div>
    // Display existing fields with delete option
    <div
      className="mt-6"
    >
      <h2
        className="text-2xl font-semibold"
      >
        Existing Fields
      </h2>
      <ul />
    </div>
  </div>
</div>
`;
