// Jest Snapshot v1, https://goo.gl/fbAQLP

exports[`FieldList Component matches snapshot 1`] = `
<div
  className="min-h-screen bg-gray-100"
>
  <div
    data-testid="navigation"
  />
  <div
    className="py-6 mx-auto max-w-7xl sm:px-6 lg:px-8"
  >
    <div
      className="flex items-center mb-6"
    >
      <a
        className="mr-4 text-indigo-600 transition-colors duration-200 hover:text-indigo-800"
        data-testid="back-arrow"
        href="/endpoints"
      >
        <svg
          className="w-6 h-6"
          fill="currentColor"
          height="1em"
          stroke="currentColor"
          strokeWidth="0"
          style={
            {
              "color": undefined,
            }
          }
          viewBox="0 0 512 512"
          width="1em"
          xmlns="http://www.w3.org/2000/svg"
        >
          <path
            d="M244 400 100 256l144-144M120 256h292"
            fill="none"
            strokeLinecap="round"
            strokeLinejoin="round"
            strokeWidth="48"
          />
        </svg>
      </a>
      <h1
        className="text-3xl font-bold text-gray-900"
      >
        Field List
      </h1>
    </div>
    <div
      className="mb-6"
    >
      <a
        className="inline-flex items-center px-4 py-2 text-sm font-medium text-white bg-indigo-600 border border-transparent rounded-md hover:bg-indigo-700 focus:outline-none focus:ring-2 focus:ring-offset-2 focus:ring-indigo-500"
        href="/endpoints/1/fields/add"
      >
        Add Field
      </a>
    </div>
    <div
      className="overflow-hidden bg-white shadow sm:rounded-lg"
    >
      <table
        className="min-w-full divide-y divide-gray-200"
      >
        <thead
          className="bg-gray-50"
        >
          <tr>
            <th
              className="px-6 py-3 text-xs font-medium tracking-wider text-left text-gray-500 uppercase"
              scope="col"
            >
              Field Name
            </th>
            <th
              className="px-6 py-3 text-xs font-medium tracking-wider text-left text-gray-500 uppercase"
              scope="col"
            >
              Data Type
            </th>
            <th
              className="px-6 py-3 text-xs font-medium tracking-wider text-left text-gray-500 uppercase"
              scope="col"
            >
              Is Required
            </th>
            <th
              className="px-6 py-3 text-xs font-medium tracking-wider text-left text-gray-500 uppercase"
              scope="col"
            >
              Actions
            </th>
             
          </tr>
        </thead>
        <tbody
          className="bg-white divide-y divide-gray-200"
        />
      </table>
    </div>
    <div
      className="mt-8"
    >
      <a
        className="inline-flex items-center px-4 py-2 text-sm font-medium text-white bg-green-600 border border-transparent rounded-md hover:bg-green-700 focus:outline-none focus:ring-2 focus:ring-offset-2 focus:ring-green-500"
        href="/dashboard"
      >
        Back to Dashboard
      </a>
    </div>
  </div>
</div>
`;
